omethinf
